Archive member included because of file (symbol)

./obj/local/armeabi-v7a/libpc_ardrone.a(ardrone_version.o)
                              ./obj/local/armeabi-v7a/objs/adfreeflight/app.o (getDroneVersion)
./obj/local/armeabi-v7a/libpc_ardrone.a(ardrone_ftp.o)
                              ./obj/local/armeabi-v7a/objs/adfreeflight/Stubs/ftp_client_stub.o (ftpAbort)
./obj/local/armeabi-v7a/libpc_ardrone.a(ardrone_video_atoms.o)
                              ./obj/local/armeabi-v7a/objs/adfreeflight/Stubs/transcoding_service_stub.o (writeAtomToFile)
./obj/local/armeabi-v7a/libpc_ardrone.a(ardrone_video_encapsuler.o)
                              ./obj/local/armeabi-v7a/objs/adfreeflight/Stubs/drone_stub.o (ardrone_video_set_gps_infos)
./obj/local/armeabi-v7a/libpc_ardrone.a(video_stage_encoded_recorder.o)
                              ./obj/local/armeabi-v7a/objs/adfreeflight/Stubs/drone_stub.o (video_stage_encoded_recorder_enable)
./obj/local/armeabi-v7a/libpc_ardrone.a(video_stage_latency_estimation.o)
                              ./obj/local/armeabi-v7a/objs/adfreeflight/app.o (vp_stages_latency_estimation_funcs)
./obj/local/armeabi-v7a/libpc_ardrone.a(video_recorder_pipeline.o)
                              ./obj/local/armeabi-v7a/objs/adfreeflight/app.o (video_recorder_suspend_thread)
./obj/local/armeabi-v7a/libpc_ardrone.a(video_stage.o)
                              ./obj/local/armeabi-v7a/objs/adfreeflight/Stubs/drone_stub.o (video_stage_get_num_retries)
./obj/local/armeabi-v7a/libpc_ardrone.a(AR_Ftw.o)
                              ./obj/local/armeabi-v7a/libpc_ardrone.a(ardrone_video_encapsuler.o) (nftw)
./obj/local/armeabi-v7a/libpc_ardrone.a(ardrone_at_mutex.o)
                              ./obj/local/armeabi-v7a/objs/adfreeflight/Stubs/drone_stub.o (ardrone_at_set_calibration)
./obj/local/armeabi-v7a/libpc_ardrone.a(academy.o)
                              ./obj/local/armeabi-v7a/libpc_ardrone.a(video_stage_encoded_recorder.o) (flight_dir)
./obj/local/armeabi-v7a/libpc_ardrone.a(academy_upload.o)
                              ./obj/local/armeabi-v7a/libpc_ardrone.a(academy.o) (academy_upload_shutdown)
./obj/local/armeabi-v7a/libpc_ardrone.a(academy_stage_recorder.o)
                              ./obj/local/armeabi-v7a/libpc_ardrone.a(video_stage.o) (ardrone_academy_stage_recorder_config)
./obj/local/armeabi-v7a/libpc_ardrone.a(ardrone_navdata_file.o)
                              ./obj/local/armeabi-v7a/libpc_ardrone.a(ardrone_at_mutex.o) (nd_iphone_phi)
./obj/local/armeabi-v7a/libpc_ardrone.a(ardrone_general_navdata.o)
                              ./obj/local/armeabi-v7a/objs/adfreeflight/NavData/nav_data.o (ardrone_general_navdata_release)
./obj/local/armeabi-v7a/libpc_ardrone.a(ardrone_academy_navdata.o)
                              ./obj/local/armeabi-v7a/objs/adfreeflight/Stubs/drone_stub.o (ardrone_academy_navdata_get_camera_state)
./obj/local/armeabi-v7a/libpc_ardrone.a(ardrone_input.o)
                              ./obj/local/armeabi-v7a/libpc_ardrone.a(ardrone_academy_navdata.o) (ardrone_tool_set_ui_pad_select)
./obj/local/armeabi-v7a/libpc_ardrone.a(ardrone_tool_configuration.o)
                              ./obj/local/armeabi-v7a/objs/adfreeflight/Controller/ardrone_controller.o (ardrone_control_config)
./obj/local/armeabi-v7a/libpc_ardrone.a(ardrone_tool.o)
                              ./obj/local/armeabi-v7a/objs/adfreeflight/app.o (ardrone_tool_set_refresh_time)
./obj/local/armeabi-v7a/libpc_ardrone.a(config_wifi.o)
                              ./obj/local/armeabi-v7a/libpc_ardrone.a(video_recorder_pipeline.o) (wifi_com)
./obj/local/armeabi-v7a/libpc_ardrone.a(video_com_stage.o)
                              ./obj/local/armeabi-v7a/libpc_ardrone.a(video_recorder_pipeline.o) (video_com_funcs)
./obj/local/armeabi-v7a/libpc_ardrone.a(video_navdata_handler.o)
                              ./obj/local/armeabi-v7a/objs/adfreeflight/NavData/nav_data.o (video_navdata_handler_init)
./obj/local/armeabi-v7a/libpc_ardrone.a(ardrone_control.o)
                              ./obj/local/armeabi-v7a/libpc_ardrone.a(ardrone_tool_configuration.o) (ardrone_control_send_event)
./obj/local/armeabi-v7a/libpc_ardrone.a(ardrone_navdata_control.o)
                              ./obj/local/armeabi-v7a/objs/adfreeflight/NavData/nav_data.o (ardrone_navdata_control_init)
./obj/local/armeabi-v7a/libpc_ardrone.a(ardrone_navdata_client.o)
                              ./obj/local/armeabi-v7a/objs/adfreeflight/Stubs/drone_stub.o (ardrone_navdata_client_get_num_retries)
./obj/local/armeabi-v7a/libpc_ardrone.a(iniparser.o)
                              ./obj/local/armeabi-v7a/libpc_ardrone.a(ardrone_tool_configuration.o) (iniparser_alias)
./obj/local/armeabi-v7a/libpc_ardrone.a(dictionary.o)
                              ./obj/local/armeabi-v7a/libpc_ardrone.a(iniparser.o) (dictionary_del)
./obj/local/armeabi-v7a/libpc_ardrone.a(navdata.o)
[...]
Memory Configuration

Name             Origin             Length             Attributes
*default*        0x00000000         0xffffffff

Linker script and memory map

LOAD /home/n-brulez/dev/sdk/android-ndk-r7/platforms/android-14/arch-arm/usr/lib/crtbegin_so.o
LOAD ./obj/local/armeabi-v7a/objs/adfreeflight/app.o
LOAD ./obj/local/armeabi-v7a/objs/adfreeflight/video_stage_io_file.o
LOAD ./obj/local/armeabi-v7a/objs/adfreeflight/hardware_capabilites.o
LOAD ./obj/local/armeabi-v7a/objs/adfreeflight/Controller/ardrone_controller.o
LOAD ./obj/local/armeabi-v7a/objs/adfreeflight/ControlData.o
LOAD ./obj/local/armeabi-v7a/objs/adfreeflight/Callbacks/drone_proxy_callbacks.o
LOAD ./obj/local/armeabi-v7a/objs/adfreeflight/Callbacks/java_callbacks.o
LOAD ./obj/local/armeabi-v7a/objs/adfreeflight/Plf/plf.o
LOAD ./obj/local/armeabi-v7a/objs/adfreeflight/Stubs/drone_stub.o
LOAD ./obj/local/armeabi-v7a/objs/adfreeflight/Stubs/drone_config_stub.o
LOAD ./obj/local/armeabi-v7a/objs/adfreeflight/Stubs/ftp_client_stub.o
LOAD ./obj/local/armeabi-v7a/objs/adfreeflight/Stubs/plf_file_stub.o
LOAD ./obj/local/armeabi-v7a/objs/adfreeflight/Stubs/transcoding_service_stub.o
LOAD ./obj/local/armeabi-v7a/objs/adfreeflight/Stubs/gl_bg_video_sprite_stub.o
LOAD ./obj/local/armeabi-v7a/objs/adfreeflight/NavData/nav_data.o
LOAD ./obj/local/armeabi-v7a/objs/adfreeflight/Video/video_stage_renderer.o
LOAD ./obj/local/armeabi-v7a/objs/adfreeflight/Video/frame_rate.o
LOAD ./obj/local/armeabi-v7a/objs/adfreeflight/Controller/virtual_gamepad.o
LOAD ./obj/local/armeabi-v7a/objs/adfreeflight/Video/opengl_stage.o
LOAD ./obj/local/armeabi-v7a/objs/adfreeflight/Video/opengl_shader.o
LOAD ./obj/local/armeabi-v7a/objs/adfreeflight/Video/opengl_texture.o
LOAD ./obj/local/armeabi-v7a/libpc_ardrone.a
LOAD ./obj/local/armeabi-v7a/libvlib.a
LOAD ./obj/local/armeabi-v7a/libsdk.a
LOAD ./obj/local/armeabi-v7a/h264_dec_lib.a
LOAD ./obj/local/armeabi-v7a/mpeg4_asp_dec_lib.a
LOAD ./obj/local/armeabi-v7a/sys_utils.a
LOAD /home/n-brulez/dev/sdk/android-ndk-r7/toolchains/arm-linux-androideabi-4.4.3/prebuilt/linux-x86/bin/../lib/gcc/arm-linux-androideabi/4.4.3/libgcc.a
LOAD ./obj/local/armeabi-v7a/libavutil.so
LOAD ./obj/local/armeabi-v7a/libavcodec.so
LOAD ./obj/local/armeabi-v7a/libswscale.so
LOAD ./obj/local/armeabi-v7a/libavfilter.so
LOAD ./obj/local/armeabi-v7a/libavformat.so
LOAD ./obj/local/armeabi-v7a/libavdevice.so
LOAD /home/n-brulez/dev/sdk/android-ndk-r7/platforms/android-14/arch-arm/usr/lib/liblog.so
LOAD /home/n-brulez/dev/sdk/android-ndk-r7/platforms/android-14/arch-arm/usr/lib/libGLESv2.so
LOAD /home/n-brulez/dev/sdk/android-ndk-r7/platforms/android-14/arch-arm/usr/lib/libjnigraphics.so
LOAD /home/n-brulez/dev/sdk/android-ndk-r7/platforms/android-14/arch-arm/usr/lib/libstdc++.so
LOAD /home/n-brulez/dev/sdk/android-ndk-r7/platforms/android-14/arch-arm/usr/lib/libm.so
LOAD /home/n-brulez/dev/sdk/android-ndk-r7/platforms/android-14/arch-arm/usr/lib/libc.so
LOAD /home/n-brulez/dev/sdk/android-ndk-r7/toolchains/arm-linux-androideabi-4.4.3/prebuilt/linux-x86/bin/../lib/gcc/arm-linux-androideabi/4.4.3/libgcc.a
LOAD /home/n-brulez/dev/sdk/android-ndk-r7/platforms/android-14/arch-arm/usr/lib/libc.so
LOAD /home/n-brulez/dev/sdk/android-ndk-r7/platforms/android-14/arch-arm/usr/lib/libdl.so
LOAD /home/n-brulez/dev/sdk/android-ndk-r7/toolchains/arm-linux-androideabi-4.4.3/prebuilt/linux-x86/bin/../lib/gcc/arm-linux-androideabi/4.4.3/libgcc.a
LOAD /home/n-brulez/dev/sdk/android-ndk-r7/platforms/android-14/arch-arm/usr/lib/crtend_so.o
                0x000000d4                . = (0x0 + SIZEOF_HEADERS)

.note.gnu.build-id
 *(.note.gnu.build-id)

.hash           0x000000d4     0x2dd8
 *(.hash)
 .hash          0x000000d4     0x2dd8 /home/n-brulez/dev/sdk/android-ndk-r7/platforms/android-14/arch-arm/usr/lib/crtbegin_so.o

.gnu.hash
 *(.gnu.hash)

.dynsym         0x00002eac     0x76d0
 *(.dynsym)
 .dynsym        0x00002eac     0x76d0 /home/n-brulez/dev/sdk/android-ndk-r7/platforms/android-14/arch-arm/usr/lib/crtbegin_so.o

.dynstr         0x0000a57c     0xb521
 *(.dynstr)
 .dynstr        0x0000a57c     0xb521 /home/n-brulez/dev/sdk/android-ndk-r7/platforms/android-14/arch-arm/usr/lib/crtbegin_so.o

.gnu.version    0x00015a9e      0xeda
 *(.gnu.version)
 .gnu.version   0x00015a9e      0xeda /home/n-brulez/dev/sdk/android-ndk-r7/platforms/android-14/arch-arm/usr/lib/crtbegin_so.o

.gnu.version_d  0x00016978        0x0
 *(.gnu.version_d)
 .gnu.version_d
                0x00000000        0x0 /home/n-brulez/dev/sdk/android-ndk-r7/platforms/android-14/arch-arm/usr/lib/crtbegin_so.o

.gnu.version_r  0x00016978       0x80
 *(.gnu.version_r)
 .gnu.version_r
                0x00016978       0x80 /home/n-brulez/dev/sdk/android-ndk-r7/platforms/android-14/arch-arm/usr/lib/crtbegin_so.o

.rel.dyn        0x000169f8     0x2408
 *(.rel.init)
 *(.rel.text .rel.text.* .rel.gnu.linkonce.t.*)
 .rel.text      0x000169f8     0x1268 /home/n-brulez/dev/sdk/android-ndk-r7/platforms/android-14/arch-arm/usr/lib/crtbegin_so.o
 *(.rel.fini)
 *(.rel.rodata .rel.rodata.* .rel.gnu.linkonce.r.*)
 *(.rel.data.rel.ro* .rel.gnu.linkonce.d.rel.ro.*)
 .rel.data.rel.ro.local
                0x00017c60       0xb0 /home/n-brulez/dev/sdk/android-ndk-r7/platforms/android-14/arch-arm/usr/lib/crtbegin_so.o
 .rel.data.rel.ro
                0x00017d10      0x208 /home/n-brulez/dev/sdk/android-ndk-r7/platforms/android-14/arch-arm/usr/lib/crtbegin_so.o
 *(.rel.data .rel.data.* .rel.gnu.linkonce.d.*)
 .rel.data.rel  0x00017f18       0xc8 /home/n-brulez/dev/sdk/android-ndk-r7/platforms/android-14/arch-arm/usr/lib/crtbegin_so.o
 .rel.data.rel.local
                0x00017fe0       0xa8 /home/n-brulez/dev/sdk/android-ndk-r7/platforms/android-14/arch-arm/usr/lib/crtbegin_so.o
 .rel.data      0x00018088      0x218 /home/n-brulez/dev/sdk/android-ndk-r7/platforms/android-14/arch-arm/usr/lib/crtbegin_so.o
 *(.rel.tdata .rel.tdata.* .rel.gnu.linkonce.td.*)
 *(.rel.tbss .rel.tbss.* .rel.gnu.linkonce.tb.*)
 *(.rel.ctors)
 *(.rel.dtors)
 *(.rel.got)
 .rel.got       0x000182a0      0x8f8 /home/n-brulez/dev/sdk/android-ndk-r7/platforms/android-14/arch-arm/usr/lib/crtbegin_so.o
 *(.rel.bss .rel.bss.* .rel.gnu.linkonce.b.*)
 *(.rel.iplt)
 .rel.fini_array
                0x00018b98        0x8 /home/n-brulez/dev/sdk/android-ndk-r7/platforms/android-14/arch-arm/usr/lib/crtbegin_so.o
 .relx          0x00018ba0      0x1e8 /home/n-brulez/dev/sdk/android-ndk-r7/platforms/android-14/arch-arm/usr/lib/crtbegin_so.o
 .rel.constdata
                0x00018d88       0x50 /home/n-brulez/dev/sdk/android-ndk-r7/platforms/android-14/arch-arm/usr/lib/crtbegin_so.o
 .relidct_cortexA8_neon
                0x00018dd8       0x10 /home/n-brulez/dev/sdk/android-ndk-r7/platforms/android-14/arch-arm/usr/lib/crtbegin_so.o
 .relAcDcPred   0x00018de8       0x18 /home/n-brulez/dev/sdk/android-ndk-r7/platforms/android-14/arch-arm/usr/lib/crtbegin_so.o

.rela.dyn
 *(.rela.init)
 *(.rela.text .rela.text.* .rela.gnu.linkonce.t.*)
 *(.rela.fini)
 *(.rela.rodata .rela.rodata.* .rela.gnu.linkonce.r.*)
 *(.rela.data .rela.data.* .rela.gnu.linkonce.d.*)
 *(.rela.tdata .rela.tdata.* .rela.gnu.linkonce.td.*)
 *(.rela.tbss .rela.tbss.* .rela.gnu.linkonce.tb.*)
 *(.rela.ctors)
 *(.rela.dtors)
 *(.rela.got)
 *(.rela.bss .rela.bss.* .rela.gnu.linkonce.b.*)
 *(.rela.iplt)

.rel.plt        0x00018e00      0x578
 *(.rel.plt)
 .rel.plt       0x00018e00      0x578 /home/n-brulez/dev/sdk/android-ndk-r7/platforms/android-14/arch-arm/usr/lib/crtbegin_so.o

.rela.plt
 *(.rela.plt)

.init
 *(.init)

.plt            0x00019378      0x848
 *(.plt)
 .plt           0x00019378      0x848 /home/n-brulez/dev/sdk/android-ndk-r7/platforms/android-14/arch-arm/usr/lib/crtbegin_so.o

.iplt
 *(.iplt)

.text           0x00019bc0    0x6f570
 *(.text.unlikely .text.*_unlikely)
 *(.text .stub .text.* .gnu.linkonce.t.*)
 .text          0x00019bc0       0x10 /home/n-brulez/dev/sdk/android-ndk-r7/platforms/android-14/arch-arm/usr/lib/crtbegin_so.o
 .text          0x00019bd0        0x0 ./obj/local/armeabi-v7a/objs/adfreeflight/app.o
 .text.custom_update_user_input
                0x00019bd0        0x4 ./obj/local/armeabi-v7a/objs/adfreeflight/app.o
                0x00019bd0                custom_update_user_input
 .text.custom_reset_user_input
                0x00019bd4        0x4 ./obj/local/armeabi-v7a/objs/adfreeflight/app.o
                0x00019bd4                custom_reset_user_input
 .text.ardrone_tool_exit
                0x00019bd8       0x14 ./obj/local/armeabi-v7a/objs/adfreeflight/app.o
                0x00019bd8                ardrone_tool_exit
 .text.ardrone_tool_display_custom
                0x00019bec        0x4 ./obj/local/armeabi-v7a/objs/adfreeflight/app.o
                0x00019bec                ardrone_tool_display_custom
 .text.parrot_ardrone_notify_resume
                0x00019bf0       0x38 ./obj/local/armeabi-v7a/objs/adfreeflight/app.o
                0x00019bf0                parrot_ardrone_notify_resume
 .text.JNI_OnUnload
                0x00019c28       0x2c ./obj/local/armeabi-v7a/objs/adfreeflight/app.o
                0x00019c28                JNI_OnUnload
 .text.JNI_OnLoad
                0x00019c54       0x34 ./obj/local/armeabi-v7a/objs/adfreeflight/app.o
                0x00019c54                JNI_OnLoad
 .text.parrot_ardrone_notify_pause
                0x00019c88       0x38 ./obj/local/armeabi-v7a/objs/adfreeflight/app.o
                0x00019c88                parrot_ardrone_notify_pause
 .text.parrot_ardrone_notify_exit
                0x00019cc0       0x30 ./obj/local/armeabi-v7a/objs/adfreeflight/app.o
                0x00019cc0                parrot_ardrone_notify_exit
 .text.parrot_ardrone_notify_start
                0x00019cf0       0xc8 ./obj/local/armeabi-v7a/objs/adfreeflight/app.o
                0x00019cf0                parrot_ardrone_notify_start
 .text.thread_app_main
                0x00019db8      0x664 ./obj/local/armeabi-v7a/objs/adfreeflight/app.o
                0x00019db8                thread_app_main
 .text          0x0001a41c        0x0 ./obj/local/armeabi-v7a/objs/adfreeflight/video_stage_io_file.o
 .text.video_stage_io_file_stage_close
                0x0001a41c       0x28 ./obj/local/armeabi-v7a/objs/adfreeflight/video_stage_io_file.o
                0x0001a41c                video_stage_io_file_stage_close
 .text.video_stage_io_file_stage_transform
                0x0001a444       0xbc ./obj/local/armeabi-v7a/objs/adfreeflight/video_stage_io_file.o
                0x0001a444                video_stage_io_file_stage_transform
 .text.video_stage_io_file_stage_open
                0x0001a500       0x3c ./obj/local/armeabi-v7a/objs/adfreeflight/video_stage_io_file.o
                0x0001a500                video_stage_io_file_stage_open
 .text          0x0001a53c        0x0 ./obj/local/armeabi-v7a/objs/adfreeflight/hardware_capabilites.o
 .text.setEnvironmentInfo
                0x0001a53c       0x1c ./obj/local/armeabi-v7a/objs/adfreeflight/hardware_capabilites.o
                0x0001a53c                setEnvironmentInfo
 .text._parseDeviceString
                0x0001a558       0xac ./obj/local/armeabi-v7a/objs/adfreeflight/hardware_capabilites.o
                0x0001a558                _parseDeviceString
 .text._getCurrentDevice
                0x0001a604       0x80 ./obj/local/armeabi-v7a/objs/adfreeflight/hardware_capabilites.o
                0x0001a604                _getCurrentDevice
 .text.printDeviceInfos
                0x0001a684       0x3c ./obj/local/armeabi-v7a/objs/adfreeflight/hardware_capabilites.o
                0x0001a684                printDeviceInfos
 .text.getDeviceVideoCapabilites
                0x0001a6c0       0x54 ./obj/local/armeabi-v7a/objs/adfreeflight/hardware_capabilites.o
                0x0001a6c0                getDeviceVideoCapabilites
 .text          0x0001a714        0x0 ./obj/local/armeabi-v7a/objs/adfreeflight/Controller/ardrone_controller.o
 .text.parrot_ardrone_ctrl_has_ctrl_status
                0x0001a714        0x4 ./obj/local/armeabi-v7a/objs/adfreeflight/Controller/ardrone_controller.o
                0x0001a714                parrot_ardrone_ctrl_has_ctrl_status
 .text.parrot_ardrone_ctrl_get_battery_level
                0x0001a718        0x4 ./obj/local/armeabi-v7a/objs/adfreeflight/Controller/ardrone_controller.o
                0x0001a718                parrot_ardrone_ctrl_get_battery_level
 .text.parrot_ardrone_ctrl_get_altitude
                0x0001a71c        0x4 ./obj/local/armeabi-v7a/objs/adfreeflight/Controller/ardrone_controller.o
                0x0001a71c                parrot_ardrone_ctrl_get_altitude
 .text.parrot_ardrone_ctrl_get_yaw_max_angle
                0x0001a720       0x28 ./obj/local/armeabi-v7a/objs/adfreeflight/Controller/ardrone_controller.o
                0x0001a720                parrot_ardrone_ctrl_get_yaw_max_angle
 .text.parrot_ardrone_ctrl_get_tilt_max_angle
                0x0001a748       0x28 ./obj/local/armeabi-v7a/objs/adfreeflight/Controller/ardrone_controller.o
                0x0001a748                parrot_ardrone_ctrl_get_tilt_max_angle
 .text.parrot_ardrone_ctrl_get_vert_speed_max
                0x0001a770       0x28 ./obj/local/armeabi-v7a/objs/adfreeflight/Controller/ardrone_controller.o
                0x0001a770                parrot_ardrone_ctrl_get_vert_speed_max
 .text.parrot_ardrone_ctrl_is_outdoor_mode
                0x0001a798       0x28 ./obj/local/armeabi-v7a/objs/adfreeflight/Controller/ardrone_controller.o
                0x0001a798                parrot_ardrone_ctrl_is_outdoor_mode
 .text.parrot_ardrone_ctrl_set_outdoor_mode
                0x0001a7c0       0x18 ./obj/local/armeabi-v7a/objs/adfreeflight/Controller/ardrone_controller.o
                0x0001a7c0                parrot_ardrone_ctrl_set_outdoor_mode
 .text.parrot_ardrone_ctrl_set_flat_trim
                0x0001a7d8        0x8 ./obj/local/armeabi-v7a/objs/adfreeflight/Controller/ardrone_controller.o
                0x0001a7d8                parrot_ardrone_ctrl_set_flat_trim
 .text.parrot_ardrone_ctrl_switch_camera
                0x0001a7e0       0x28 ./obj/local/armeabi-v7a/objs/adfreeflight/Controller/ardrone_controller.o
                0x0001a7e0                parrot_ardrone_ctrl_switch_camera
 .text.parrot_ardrone_ctrl_set_vert_speed_max
                0x0001a808       0x18 ./obj/local/armeabi-v7a/objs/adfreeflight/Controller/ardrone_controller.o
                0x0001a808                parrot_ardrone_ctrl_set_vert_speed_max
 .text.parrot_ardrone_ctrl_set_tilt_max_angle
                0x0001a820       0x18 ./obj/local/armeabi-v7a/objs/adfreeflight/Controller/ardrone_controller.o
                0x0001a820                parrot_ardrone_ctrl_set_tilt_max_angle
 .text.parrot_ardrone_ctrl_set_yaw_max_angle
                0x0001a838       0x18 ./obj/local/armeabi-v7a/objs/adfreeflight/Controller/ardrone_controller.o
                0x0001a838                parrot_ardrone_ctrl_set_yaw_max_angle
 .text.parrot_ardrone_ctrl_set_pitch
                0x0001a850        0x8 ./obj/local/armeabi-v7a/objs/adfreeflight/Controller/ardrone_controller.o
                0x0001a850                parrot_ardrone_ctrl_set_pitch
 .text.parrot_ardrone_ctrl_set_roll
                0x0001a858        0x8 ./obj/local/armeabi-v7a/objs/adfreeflight/Controller/ardrone_controller.o
                0x0001a858                parrot_ardrone_ctrl_set_roll
 .text.parrot_ardrone_ctrl_set_gaz
                0x0001a860        0x8 ./obj/local/armeabi-v7a/objs/adfreeflight/Controller/ardrone_controller.o
                0x0001a860                parrot_ardrone_ctrl_set_gaz
 .text.parrot_ardrone_ctrl_set_yaw
                0x0001a868        0x8 ./obj/local/armeabi-v7a/objs/adfreeflight/Controller/ardrone_controller.o
                0x0001a868                parrot_ardrone_ctrl_set_yaw
 .text.parrot_ardrone_ctrl_set_command_flag
                0x0001a870        0x8 ./obj/local/armeabi-v7a/objs/adfreeflight/Controller/ardrone_controller.o
                0x0001a870                parrot_ardrone_ctrl_set_command_flag
 .text.parrot_ardrone_ctrl_emergency
                0x0001a878        0x8 ./obj/local/armeabi-v7a/objs/adfreeflight/Controller/ardrone_controller.o
                0x0001a878                parrot_ardrone_ctrl_emergency
 .text.parrot_ardrone_ctrl_take_off
                0x0001a880        0x8 ./obj/local/armeabi-v7a/objs/adfreeflight/Controller/ardrone_controller.o
                0x0001a880                parrot_ardrone_ctrl_take_off
 .text          0x0001a888        0x0 ./obj/local/armeabi-v7a/objs/adfreeflight/ControlData.o
 .text.inputYaw
                0x0001a888       0x5c ./obj/local/armeabi-v7a/objs/adfreeflight/ControlData.o
                0x0001a888                inputYaw
 .text.inputGaz
                0x0001a8e4       0x5c ./obj/local/armeabi-v7a/objs/adfreeflight/ControlData.o
                0x0001a8e4                inputGaz
 .text.inputPitch
                0x0001a940       0x5c ./obj/local/armeabi-v7a/objs/adfreeflight/ControlData.o
                0x0001a940                inputPitch
 .text.inputRoll
                0x0001a99c       0x5c ./obj/local/armeabi-v7a/objs/adfreeflight/ControlData.o
                0x0001a99c                inputRoll
 .text.resetControlData
                0x0001a9f8       0x30 ./obj/local/armeabi-v7a/objs/adfreeflight/ControlData.o
                0x0001a9f8                resetControlData
 .text.set_command_flag
                0x0001aa28       0x34 ./obj/local/armeabi-v7a/objs/adfreeflight/ControlData.o
                0x0001aa28                set_command_flag
 .text.sendControls
                0x0001aa5c       0x38 ./obj/local/armeabi-v7a/objs/adfreeflight/ControlData.o
                0x0001aa5c                sendControls
 .text.initControlData
                0x0001aa94       0x50 ./obj/local/armeabi-v7a/objs/adfreeflight/ControlData.o
                0x0001aa94                initControlData
 .text.setApplicationDefaultConfig
                0x0001aae4       0xf8 ./obj/local/armeabi-v7a/objs/adfreeflight/ControlData.o
                0x0001aae4                setApplicationDefaultConfig
 .text          0x0001abdc        0x0 ./obj/local/armeabi-v7a/objs/adfreeflight/Callbacks/drone_proxy_callbacks.o
 .text.parrot_drone_proxy_onConnectionFailed
                0x0001abdc       0xb0 ./obj/local/armeabi-v7a/objs/adfreeflight/Callbacks/drone_proxy_callbacks.o
                0x0001abdc                parrot_drone_proxy_onConnectionFailed
 .text.parrot_drone_proxy_onConfigChanged
                0x0001ac8c       0x2c ./obj/local/armeabi-v7a/objs/adfreeflight/Callbacks/drone_proxy_callbacks.o
                0x0001ac8c                parrot_drone_proxy_onConfigChanged
 .text.parrot_drone_proxy_onDisconnected
                0x0001acb8       0x2c ./obj/local/armeabi-v7a/objs/adfreeflight/Callbacks/drone_proxy_callbacks.o
                0x0001acb8                parrot_drone_proxy_onDisconnected
 .text.parrot_drone_proxy_onConnected
                0x0001ace4       0x2c ./obj/local/armeabi-v7a/objs/adfreeflight/Callbacks/drone_proxy_callbacks.o
                0x0001ace4                parrot_drone_proxy_onConnected
 .text          0x0001ad10        0x0 ./obj/local/armeabi-v7a/objs/adfreeflight/Callbacks/java_callbacks.o
 .text.java_set_field_int
                0x0001ad10       0x48 ./obj/local/armeabi-v7a/objs/adfreeflight/Callbacks/java_callbacks.o
                0x0001ad10                java_set_field_int
 .text.java_set_field_bool
                0x0001ad58       0x48 ./obj/local/armeabi-v7a/objs/adfreeflight/Callbacks/java_callbacks.o
                0x0001ad58                java_set_field_bool
 .text.java_get_bool_field_value
                0x0001ada0       0x48 ./obj/local/armeabi-v7a/objs/adfreeflight/Callbacks/java_callbacks.o
                0x0001ada0                java_get_bool_field_value
 .text.parrot_java_callbacks_call_void_method_string
                0x0001ade8       0xa4 ./obj/local/armeabi-v7a/objs/adfreeflight/Callbacks/java_callbacks.o
                0x0001ade8                parrot_java_callbacks_call_void_method_string
 .text.parrot_java_callbacks_call_void_method_int_int
                0x0001ae8c       0xc8 ./obj/local/armeabi-v7a/objs/adfreeflight/Callbacks/java_callbacks.o
                0x0001ae8c                parrot_java_callbacks_call_void_method_int_int
 .text.parrot_java_callbacks_call_void_method
                0x0001af54       0x90 ./obj/local/armeabi-v7a/objs/adfreeflight/Callbacks/java_callbacks.o
                0x0001af54                parrot_java_callbacks_call_void_method
 .text.parrot_java_callbacks_call_void_method2
                0x0001afe4       0x3c ./obj/local/armeabi-v7a/objs/adfreeflight/Callbacks/java_callbacks.o
                0x0001afe4                parrot_java_callbacks_call_void_method2
 .text          0x0001b020        0x0 ./obj/local/armeabi-v7a/objs/adfreeflight/Plf/plf.o
 .text.plf_get_header
                0x0001b020       0x6c ./obj/local/armeabi-v7a/objs/adfreeflight/Plf/plf.o
                0x0001b020                plf_get_header
 .text          0x0001b08c        0x0 ./obj/local/armeabi-v7a/objs/adfreeflight/Stubs/drone_stub.o
 .text.Java_com_parrot_freeflight_drone_DroneProxy_setMagnetoEnabled
                0x0001b08c       0x10 ./obj/local/armeabi-v7a/objs/adfreeflight/Stubs/drone_stub.o
                0x0001b08c                Java_com_parrot_freeflight_drone_DroneProxy_setMagnetoEnabled
 .text.gpsConfigSuccess
                0x0001b09c       0x10 ./obj/local/armeabi-v7a/objs/adfreeflight/Stubs/drone_stub.o
                0x0001b09c                gpsConfigSuccess
 .text.Java_com_parrot_freeflight_drone_DroneProxy_setLocation
                0x0001b0ac       0x44 ./obj/local/armeabi-v7a/objs/adfreeflight/Stubs/drone_stub.o
                0x0001b0ac                Java_com_parrot_freeflight_drone_DroneProxy_setLocation
 .text.Java_com_parrot_freeflight_drone_DroneProxy_triggerConfigUpdateNative
                0x0001b0f0       0x2c ./obj/local/armeabi-v7a/objs/adfreeflight/Stubs/drone_stub.o
                0x0001b0f0                Java_com_parrot_freeflight_drone_DroneProxy_triggerConfigUpdateNative
 .text.getConfigSuccess
                0x0001b11c       0x44 ./obj/local/armeabi-v7a/objs/adfreeflight/Stubs/drone_stub.o
                0x0001b11c                getConfigSuccess
 .text.Java_com_parrot_freeflight_drone_DroneProxy_doFlip
                0x0001b160       0x48 ./obj/local/armeabi-v7a/objs/adfreeflight/Stubs/drone_stub.o
                0x0001b160                Java_com_parrot_freeflight_drone_DroneProxy_doFlip
 .text.Java_com_parrot_freeflight_drone_DroneProxy_calibrateMagneto
                0x0001b1a8        0xc ./obj/local/armeabi-v7a/objs/adfreeflight/Stubs/drone_stub.o
                0x0001b1a8                Java_com_parrot_freeflight_drone_DroneProxy_calibrateMagneto
 .text.Java_com_parrot_freeflight_drone_DroneProxy_record
                0x0001b1b4       0x20 ./obj/local/armeabi-v7a/objs/adfreeflight/Stubs/drone_stub.o
                0x0001b1b4                Java_com_parrot_freeflight_drone_DroneProxy_record
 .text.Java_com_parrot_freeflight_drone_DroneProxy_takePhoto
                0x0001b1d4       0x60 ./obj/local/armeabi-v7a/objs/adfreeflight/Stubs/drone_stub.o
                0x0001b1d4                Java_com_parrot_freeflight_drone_DroneProxy_takePhoto
 .text.Java_com_parrot_freeflight_drone_DroneProxy_flatTrimNative
                0x0001b234        0x8 ./obj/local/armeabi-v7a/objs/adfreeflight/Stubs/drone_stub.o
                0x0001b234                Java_com_parrot_freeflight_drone_DroneProxy_flatTrimNative
 .text.Java_com_parrot_freeflight_drone_DroneProxy_switchCamera
                0x0001b23c        0xc ./obj/local/armeabi-v7a/objs/adfreeflight/Stubs/drone_stub.o
                0x0001b23c                Java_com_parrot_freeflight_drone_DroneProxy_switchCamera
 .text.Java_com_parrot_freeflight_drone_DroneProxy_resetConfigToDefaults
                0x0001b248      0x514 ./obj/local/armeabi-v7a/objs/adfreeflight/Stubs/drone_stub.o
                0x0001b248                Java_com_parrot_freeflight_drone_DroneProxy_resetConfigToDefaults
 .text.Java_com_parrot_freeflight_drone_DroneProxy_takeConfigSnapshot
                0x0001b75c      0x9ac ./obj/local/armeabi-v7a/objs/adfreeflight/Stubs/drone_stub.o
                0x0001b75c                Java_com_parrot_freeflight_drone_DroneProxy_takeConfigSnapshot
 .text.checkErrors
                0x0001c108      0x284 ./obj/local/armeabi-v7a/objs/adfreeflight/Stubs/drone_stub.o
                0x0001c108                checkErrors
 .text.Java_com_parrot_freeflight_drone_DroneProxy_takeNavDataSnapshot
                0x0001c38c      0x274 ./obj/local/armeabi-v7a/objs/adfreeflight/Stubs/drone_stub.o
                0x0001c38c                Java_com_parrot_freeflight_drone_DroneProxy_takeNavDataSnapshot
 .text.Java_com_parrot_freeflight_drone_DroneProxy_setDeviceOrientation
                0x0001c600       0x7c ./obj/local/armeabi-v7a/objs/adfreeflight/Stubs/drone_stub.o
                0x0001c600                Java_com_parrot_freeflight_drone_DroneProxy_setDeviceOrientation
 .text.Java_com_parrot_freeflight_drone_DroneProxy_setCommandFlag
                0x0001c67c        0xc ./obj/local/armeabi-v7a/objs/adfreeflight/Stubs/drone_stub.o
                0x0001c67c                Java_com_parrot_freeflight_drone_DroneProxy_setCommandFlag
 .text.Java_com_parrot_freeflight_drone_DroneProxy_setControlValue
                0x0001c688       0x4c ./obj/local/armeabi-v7a/objs/adfreeflight/Stubs/drone_stub.o
                0x0001c688                Java_com_parrot_freeflight_drone_DroneProxy_setControlValue
 .text.Java_com_parrot_freeflight_drone_DroneProxy_triggerEmergency
                0x0001c6d4       0x20 ./obj/local/armeabi-v7a/objs/adfreeflight/Stubs/drone_stub.o
                0x0001c6d4                Java_com_parrot_freeflight_drone_DroneProxy_triggerEmergency
 .text.Java_com_parrot_freeflight_drone_DroneProxy_triggerTakeOff
                0x0001c6f4       0x20 ./obj/local/armeabi-v7a/objs/adfreeflight/Stubs/drone_stub.o
                0x0001c6f4                Java_com_parrot_freeflight_drone_DroneProxy_triggerTakeOff
 .text.Java_com_parrot_freeflight_drone_DroneProxy_disconnect
                0x0001c714       0x20 ./obj/local/armeabi-v7a/objs/adfreeflight/Stubs/drone_stub.o
                0x0001c714                Java_com_parrot_freeflight_drone_DroneProxy_disconnect
 .text.Java_com_parrot_freeflight_drone_DroneProxy_resume
                0x0001c734       0x20 ./obj/local/armeabi-v7a/objs/adfreeflight/Stubs/drone_stub.o
                0x0001c734                Java_com_parrot_freeflight_drone_DroneProxy_resume
 .text.Java_com_parrot_freeflight_drone_DroneProxy_setDefaultConfigurationNative
                0x0001c754        0x8 ./obj/local/armeabi-v7a/objs/adfreeflight/Stubs/drone_stub.o
                0x0001c754                Java_com_parrot_freeflight_drone_DroneProxy_setDefaultConfigurationNative
 .text.Java_com_parrot_freeflight_drone_DroneProxy_pause
                0x0001c75c       0x20 ./obj/local/armeabi-v7a/objs/adfreeflight/Stubs/drone_stub.o
                0x0001c75c                Java_com_parrot_freeflight_drone_DroneProxy_pause
 .text.Java_com_parrot_freeflight_drone_DroneProxy_connect
                0x0001c77c       0xe4 ./obj/local/armeabi-v7a/objs/adfreeflight/Stubs/drone_stub.o
                0x0001c77c                Java_com_parrot_freeflight_drone_DroneProxy_connect
 .text.Java_com_parrot_freeflight_drone_DroneProxy_initNavdata
                0x0001c860       0x80 ./obj/local/armeabi-v7a/objs/adfreeflight/Stubs/drone_stub.o
                0x0001c860                Java_com_parrot_freeflight_drone_DroneProxy_initNavdata
 .text.ardrone_academy_callback_called
                0x0001c8e0       0x70 ./obj/local/armeabi-v7a/objs/adfreeflight/Stubs/drone_stub.o
                0x0001c8e0                ardrone_academy_callback_called
 .text.ardrone_engine_message_received
                0x0001c950       0xb4 ./obj/local/armeabi-v7a/objs/adfreeflight/Stubs/drone_stub.o
                0x0001c950                ardrone_engine_message_received
 .text          0x0001ca04        0x0 ./obj/local/armeabi-v7a/objs/adfreeflight/Stubs/drone_config_stub.o
 .text.Java_com_parrot_freeflight_drone_DroneConfig_getDroneFamily
                0x0001ca04       0x10 ./obj/local/armeabi-v7a/objs/adfreeflight/Stubs/drone_config_stub.o
                0x0001ca04                Java_com_parrot_freeflight_drone_DroneConfig_getDroneFamily
 .text.Java_com_parrot_freeflight_drone_DroneConfig_getFtpPortNative
                0x0001ca14        0x8 ./obj/local/armeabi-v7a/objs/adfreeflight/Stubs/drone_config_stub.o
                0x0001ca14                Java_com_parrot_freeflight_drone_DroneConfig_getFtpPortNative
 .text.Java_com_parrot_freeflight_drone_DroneConfig_getDroneHostNative
                0x0001ca1c       0x14 ./obj/local/armeabi-v7a/objs/adfreeflight/Stubs/drone_config_stub.o
                0x0001ca1c                Java_com_parrot_freeflight_drone_DroneConfig_getDroneHostNative
 .text.Java_com_parrot_freeflight_drone_DroneConfig_updateRecordOnUsb
                0x0001ca30       0xa0 ./obj/local/armeabi-v7a/objs/adfreeflight/Stubs/drone_config_stub.o
                0x0001ca30                Java_com_parrot_freeflight_drone_DroneConfig_updateRecordOnUsb
 .text.Java_com_parrot_freeflight_drone_DroneConfig_updateVideoCodecNative
                0x0001cad0      0x194 ./obj/local/armeabi-v7a/objs/adfreeflight/Stubs/drone_config_stub.o
                0x0001cad0                Java_com_parrot_freeflight_drone_DroneConfig_updateVideoCodecNative
 .text.Java_com_parrot_freeflight_drone_DroneConfig_updateNetworkNameNative
                0x0001cc64       0x80 ./obj/local/armeabi-v7a/objs/adfreeflight/Stubs/drone_config_stub.o
                0x0001cc64                Java_com_parrot_freeflight_drone_DroneConfig_updateNetworkNameNative
 .text.Java_com_parrot_freeflight_drone_DroneConfig_updateDeviceTiltMax
                0x0001cce4       0x4c ./obj/local/armeabi-v7a/objs/adfreeflight/Stubs/drone_config_stub.o
                0x0001cce4                Java_com_parrot_freeflight_drone_DroneConfig_updateDeviceTiltMax
 .text.Java_com_parrot_freeflight_drone_DroneConfig_updateTiltNative
                0x0001cd30       0x90 ./obj/local/armeabi-v7a/objs/adfreeflight/Stubs/drone_config_stub.o
                0x0001cd30                Java_com_parrot_freeflight_drone_DroneConfig_updateTiltNative
 .text.Java_com_parrot_freeflight_drone_DroneConfig_updateVertSpeedMaxNative
                0x0001cdc0       0x84 ./obj/local/armeabi-v7a/objs/adfreeflight/Stubs/drone_config_stub.o
                0x0001cdc0                Java_com_parrot_freeflight_drone_DroneConfig_updateVertSpeedMaxNative
 .text.Java_com_parrot_freeflight_drone_DroneConfig_updateYawSpeedMaxNative
                0x0001ce44       0x90 ./obj/local/armeabi-v7a/objs/adfreeflight/Stubs/drone_config_stub.o
                0x0001ce44                Java_com_parrot_freeflight_drone_DroneConfig_updateYawSpeedMaxNative
 .text.Java_com_parrot_freeflight_drone_DroneConfig_updateOutdoorFlightNative
                0x0001ced4       0x78 ./obj/local/armeabi-v7a/objs/adfreeflight/Stubs/drone_config_stub.o
                0x0001ced4                Java_com_parrot_freeflight_drone_DroneConfig_updateOutdoorFlightNative
 .text.Java_com_parrot_freeflight_drone_DroneConfig_updateAltitudeLimit
                0x0001cf4c       0x3c ./obj/local/armeabi-v7a/objs/adfreeflight/Stubs/drone_config_stub.o
                0x0001cf4c                Java_com_parrot_freeflight_drone_DroneConfig_updateAltitudeLimit
 .text.Java_com_parrot_freeflight_drone_DroneConfig_updateOwnerMacNative
                0x0001cf88       0x90 ./obj/local/armeabi-v7a/objs/adfreeflight/Stubs/drone_config_stub.o
                0x0001cf88                Java_com_parrot_freeflight_drone_DroneConfig_updateOwnerMacNative
 .text.Java_com_parrot_freeflight_drone_DroneConfig_updateAdaptiveVideoNative
                0x0001d018      0x110 ./obj/local/armeabi-v7a/objs/adfreeflight/Stubs/drone_config_stub.o
                0x0001d018                Java_com_parrot_freeflight_drone_DroneConfig_updateAdaptiveVideoNative
 .text.Java_com_parrot_freeflight_drone_DroneConfig_updateOutdoorHullNative
                0x0001d128       0x78 ./obj/local/armeabi-v7a/objs/adfreeflight/Stubs/drone_config_stub.o
                0x0001d128                Java_com_parrot_freeflight_drone_DroneConfig_updateOutdoorHullNative
 .text          0x0001d1a0        0x0 ./obj/local/armeabi-v7a/objs/adfreeflight/Stubs/ftp_client_stub.o
 .text.get_ftp_handle
                0x0001d1a0       0x4c ./obj/local/armeabi-v7a/objs/adfreeflight/Stubs/ftp_client_stub.o
 .text.update_ftp_status_field
                0x0001d1ec       0x58 ./obj/local/armeabi-v7a/objs/adfreeflight/Stubs/ftp_client_stub.o
 .text.update_conn_handler_field
                0x0001d244       0x58 ./obj/local/armeabi-v7a/objs/adfreeflight/Stubs/ftp_client_stub.o
 .text.Java_com_parrot_ftp_FTPClient_ftpIsConnected
                0x0001d29c       0x14 ./obj/local/armeabi-v7a/objs/adfreeflight/Stubs/ftp_client_stub.o
                0x0001d29c                Java_com_parrot_ftp_FTPClient_ftpIsConnected
 .text.wrapperCallback
                0x0001d2b0      0x110 ./obj/local/armeabi-v7a/objs/adfreeflight/Stubs/ftp_client_stub.o
                0x0001d2b0                wrapperCallback
 .text.ftp_ftpGet
                0x0001d3c0       0xdc ./obj/local/armeabi-v7a/objs/adfreeflight/Stubs/ftp_client_stub.o
 .text.Java_com_parrot_ftp_FTPClient_ftpGetSync
                0x0001d49c       0x1c ./obj/local/armeabi-v7a/objs/adfreeflight/Stubs/ftp_client_stub.o
                0x0001d49c                Java_com_parrot_ftp_FTPClient_ftpGetSync
 .text.Java_com_parrot_ftp_FTPClient_ftpGet
                0x0001d4b8       0x24 ./obj/local/armeabi-v7a/objs/adfreeflight/Stubs/ftp_client_stub.o
                0x0001d4b8                Java_com_parrot_ftp_FTPClient_ftpGet
 .text.ftp_ftpPut
                0x0001d4dc      0x104 ./obj/local/armeabi-v7a/objs/adfreeflight/Stubs/ftp_client_stub.o
 .text.Java_com_parrot_ftp_FTPClient_ftpPutSync
                0x0001d5e0       0x1c ./obj/local/armeabi-v7a/objs/adfreeflight/Stubs/ftp_client_stub.o
                0x0001d5e0                Java_com_parrot_ftp_FTPClient_ftpPutSync
 .text.Java_com_parrot_ftp_FTPClient_ftpPut
                0x0001d5fc       0x24 ./obj/local/armeabi-v7a/objs/adfreeflight/Stubs/ftp_client_stub.o
                0x0001d5fc                Java_com_parrot_ftp_FTPClient_ftpPut
 .text.Java_com_parrot_ftp_FTPClient_ftpAbort
                0x0001d620       0x5c ./obj/local/armeabi-v7a/objs/adfreeflight/Stubs/ftp_client_stub.o
                0x0001d620                Java_com_parrot_ftp_FTPClient_ftpAbort
 .text.Java_com_parrot_ftp_FTPClient_ftpDisconnect
                0x0001d67c       0x60 ./obj/local/armeabi-v7a/objs/adfreeflight/Stubs/ftp_client_stub.o
                0x0001d67c                Java_com_parrot_ftp_FTPClient_ftpDisconnect
 .text.Java_com_parrot_ftp_FTPClient_ftpConnect
                0x0001d6dc       0xc4 ./obj/local/armeabi-v7a/objs/adfreeflight/Stubs/ftp_client_stub.o
                0x0001d6dc                Java_com_parrot_ftp_FTPClient_ftpConnect
 .text          0x0001d7a0        0x0 ./obj/local/armeabi-v7a/objs/adfreeflight/Stubs/plf_file_stub.o
 .text.Java_com_parrot_plf_PlfFile_getVersionNative
                0x0001d7a0      0x134 ./obj/local/armeabi-v7a/objs/adfreeflight/Stubs/plf_file_stub.o
                0x0001d7a0                Java_com_parrot_plf_PlfFile_getVersionNative
 .text          0x0001d8d4        0x0 ./obj/local/armeabi-v7a/objs/adfreeflight/Stubs/transcoding_service_stub.o
 .text.encoder_expand_buffer_x2_yuv420p
                0x0001d8d4       0x9c ./obj/local/armeabi-v7a/objs/adfreeflight/Stubs/transcoding_service_stub.o
 .text.encoder_handle
                0x0001d970       0x34 ./obj/local/armeabi-v7a/objs/adfreeflight/Stubs/transcoding_service_stub.o
                0x0001d970                encoder_handle
 .text.thread_encoder
                0x0001d9a4      0x384 ./obj/local/armeabi-v7a/objs/adfreeflight/Stubs/transcoding_service_stub.o
                0x0001d9a4                thread_encoder
 .text.encoder_stage_close
                0x0001dd28      0x168 ./obj/local/armeabi-v7a/objs/adfreeflight/Stubs/transcoding_service_stub.o
                0x0001dd28                encoder_stage_close
 .text.encoder_stage_transform
                0x0001de90      0x5c4 ./obj/local/armeabi-v7a/objs/adfreeflight/Stubs/transcoding_service_stub.o
                0x0001de90                encoder_stage_transform
 .text.alloc_picture
                0x0001e454       0x44 ./obj/local/armeabi-v7a/objs/adfreeflight/Stubs/transcoding_service_stub.o
 .text.Java_com_parrot_freeflight_transcodeservice_TranscodingService_encoderThreadStart
                0x0001e498       0x3c ./obj/local/armeabi-v7a/objs/adfreeflight/Stubs/transcoding_service_stub.o
                0x0001e498                Java_com_parrot_freeflight_transcodeservice_TranscodingService_encoderThreadStart
 .text.encoderThreadResume
                0x0001e4d4       0x40 ./obj/local/armeabi-v7a/objs/adfreeflight/Stubs/transcoding_service_stub.o
                0x0001e4d4                encoderThreadResume
 .text.encoderThreadStop
                0x0001e514       0x40 ./obj/local/armeabi-v7a/objs/adfreeflight/Stubs/transcoding_service_stub.o
                0x0001e514                encoderThreadStop
 .text.encoder_stage_open
                0x0001e554      0x4fc ./obj/local/armeabi-v7a/objs/adfreeflight/Stubs/transcoding_service_stub.o
                0x0001e554                encoder_stage_open
 .text          0x0001ea50        0x0 ./obj/local/armeabi-v7a/objs/adfreeflight/Stubs/gl_bg_video_sprite_stub.o
 .text.Java_com_parrot_freeflight_ui_gl_GLBGVideoSprite_onSurfaceChangedNative
                0x0001ea50       0x28 ./obj/local/armeabi-v7a/objs/adfreeflight/Stubs/gl_bg_video_sprite_stub.o
                0x0001ea50                Java_com_parrot_freeflight_ui_gl_GLBGVideoSprite_onSurfaceChangedNative
 .text.Java_com_parrot_freeflight_ui_gl_GLBGVideoSprite_getVideoFrameNative
                0x0001ea78      0x1f0 ./obj/local/armeabi-v7a/objs/adfreeflight/Stubs/gl_bg_video_sprite_stub.o
                0x0001ea78                Java_com_parrot_freeflight_ui_gl_GLBGVideoSprite_getVideoFrameNative
 .text.Java_com_parrot_freeflight_ui_gl_GLBGVideoSprite_onUpdateVideoTextureNative
                0x0001ec68      0x1b8 ./obj/local/armeabi-v7a/objs/adfreeflight/Stubs/gl_bg_video_sprite_stub.o
                0x0001ec68                Java_com_parrot_freeflight_ui_gl_GLBGVideoSprite_onUpdateVideoTextureNative
 .text          0x0001ee20        0x0 ./obj/local/armeabi-v7a/objs/adfreeflight/NavData/nav_data.o
 .text.navdata_get
                0x0001ee20       0x38 ./obj/local/armeabi-v7a/objs/adfreeflight/NavData/nav_data.o
                0x0001ee20                navdata_get
 .text.navdata_reset
                0x0001ee58       0x20 ./obj/local/armeabi-v7a/objs/adfreeflight/NavData/nav_data.o
                0x0001ee58                navdata_reset
 .text.navdata_process
                0x0001ee78       0x58 ./obj/local/armeabi-v7a/objs/adfreeflight/NavData/nav_data.o
                0x0001ee78                navdata_process
 .text.navdata_release
                0x0001eed0       0x38 ./obj/local/armeabi-v7a/objs/adfreeflight/NavData/nav_data.o
                0x0001eed0                navdata_release
 .text.navdata_init
                0x0001ef08       0x54 ./obj/local/armeabi-v7a/objs/adfreeflight/NavData/nav_data.o
                0x0001ef08                navdata_init
 .text          0x0001ef5c        0x0 ./obj/local/armeabi-v7a/objs/adfreeflight/Video/video_stage_renderer.o
 .text.parrot_video_stage_renderer_invalidate
                0x0001ef5c       0x10 ./obj/local/armeabi-v7a/objs/adfreeflight/Video/video_stage_renderer.o
                0x0001ef5c                parrot_video_stage_renderer_invalidate
 .text.parrot_video_stage_init
                0x0001ef6c        0x4 ./obj/local/armeabi-v7a/objs/adfreeflight/Video/video_stage_renderer.o
                0x0001ef6c                parrot_video_stage_init
 .text.parrot_video_stage_deinit
                0x0001ef70        0x4 ./obj/local/armeabi-v7a/objs/adfreeflight/Video/video_stage_renderer.o
                0x0001ef70                parrot_video_stage_deinit
 .text.Java_com_parrot_freeflight_video_VideoStageRenderer_getVideoFrameNative
                0x0001ef74        0x4 ./obj/local/armeabi-v7a/objs/adfreeflight/Video/video_stage_renderer.o
                0x0001ef74                Java_com_parrot_freeflight_video_VideoStageRenderer_getVideoFrameNative
 .text          0x0001ef78        0x0 ./obj/local/armeabi-v7a/objs/adfreeflight/Video/frame_rate.o
 .text.parrot_frame_rate_init
                0x0001ef78       0x18 ./obj/local/armeabi-v7a/objs/adfreeflight/Video/frame_rate.o
                0x0001ef78                parrot_frame_rate_init
 .text.parrot_frame_rate_on_draw_completed
                0x0001ef90       0x64 ./obj/local/armeabi-v7a/objs/adfreeflight/Video/frame_rate.o
                0x0001ef90                parrot_frame_rate_on_draw_completed
 .text          0x0001eff4        0x0 ./obj/local/armeabi-v7a/objs/adfreeflight/Controller/virtual_gamepad.o
 .text.close_gamepad
                0x0001eff4       0x20 ./obj/local/armeabi-v7a/objs/adfreeflight/Controller/virtual_gamepad.o
 .text.open_gamepad
                0x0001f014       0x20 ./obj/local/armeabi-v7a/objs/adfreeflight/Controller/virtual_gamepad.o
 .text.update_gamepad
                0x0001f034        0xc ./obj/local/armeabi-v7a/objs/adfreeflight/Controller/virtual_gamepad.o
 .text          0x0001f040        0x0 ./obj/local/armeabi-v7a/objs/adfreeflight/Video/opengl_stage.o
 .text.opengl_video_stage_get
                0x0001f040        0xc ./obj/local/armeabi-v7a/objs/adfreeflight/Video/opengl_stage.o
                0x0001f040                opengl_video_stage_get
 .text.opengl_video_stage_close
                0x0001f04c        0xc ./obj/local/armeabi-v7a/objs/adfreeflight/Video/opengl_stage.o
                0x0001f04c                opengl_video_stage_close
 .text.opengl_video_stage_transform
                0x0001f058      0x1e0 ./obj/local/armeabi-v7a/objs/adfreeflight/Video/opengl_stage.o
                0x0001f058                opengl_video_stage_transform
 .text.opengl_video_stage_open
                0x0001f238        0xc ./obj/local/armeabi-v7a/objs/adfreeflight/Video/opengl_stage.o
                0x0001f238                opengl_video_stage_open
 .text          0x0001f244        0x0 ./obj/local/armeabi-v7a/objs/adfreeflight/Video/opengl_shader.o
 .text.opengl_shader_destroy
                0x0001f244       0x28 ./obj/local/armeabi-v7a/objs/adfreeflight/Video/opengl_shader.o
                0x0001f244                opengl_shader_destroy
 .text.opengl_shader_validate
                0x0001f26c       0x68 ./obj/local/armeabi-v7a/objs/adfreeflight/Video/opengl_shader.o
                0x0001f26c                opengl_shader_validate
 .text.opengl_shader_link
                0x0001f2d4       0x30 ./obj/local/armeabi-v7a/objs/adfreeflight/Video/opengl_shader.o
                0x0001f2d4                opengl_shader_link
 .text.opengl_shader_compile
                0x0001f304       0x60 ./obj/local/armeabi-v7a/objs/adfreeflight/Video/opengl_shader.o
                0x0001f304                opengl_shader_compile
 .text          0x0001f364        0x0 ./obj/local/armeabi-v7a/objs/adfreeflight/Video/opengl_texture.o
 .text.opengl_texture_destroy
                0x0001f364       0x34 ./obj/local/armeabi-v7a/objs/adfreeflight/Video/opengl_texture.o
                0x0001f364                opengl_texture_destroy
 .text.opengl_texture_scale_compute
                0x0001f398      0x10c ./obj/local/armeabi-v7a/objs/adfreeflight/Video/opengl_texture.o
                0x0001f398                opengl_texture_scale_compute
 .text.opengl_texture_draw
                0x0001f4a4       0x74 ./obj/local/armeabi-v7a/objs/adfreeflight/Video/opengl_texture.o
                0x0001f4a4                opengl_texture_draw
 .text.opengl_texture_init
                0x0001f518        0xc ./obj/local/armeabi-v7a/objs/adfreeflight/Video/opengl_texture.o
                0x0001f518                opengl_texture_init
 .text          0x0001f524      0x234 ./obj/local/armeabi-v7a/libpc_ardrone.a(ardrone_version.o)
                0x0001f564                compareVersions
                0x0001f5b4                getDroneVersion
 .text          0x0001f758     0x6090 ./obj/local/armeabi-v7a/libpc_ardrone.a(ardrone_ftp.o)
                0x0001f798                emptyCallback
                0x0001f7d0                flushFtp
                0x0001f864                ftpAbort
                0x0001f918                ftpSend
                0x0001faac                ftpList
                0x0001fd80                ftpGet
                0x0001ff3c                ftpPut
                0x000200f8                ftpClose
                0x000201b0                getPassiveIpAndPort
                0x00020298                getResponseCode
                0x000202cc                getLocalFileSize
                0x00020318                setSockTimeout
                0x00020460                ftpRecv
                0x00020624                waitFor226Answer
                0x0002068c                ftpTransfert
                0x000206ec                getFileSize
                0x00020860                goToBinaryMode
                0x0002095c                ftpPwd
                0x00020ca4                thread_ftpList
                0x000219a8                ftpCd
                0x00021cbc                ftpRemove
                0x00021fe4                ftpRmdir
                0x00022314                ftpMkdir
                0x00022630                thread_ftpPut
                0x00023958                thread_ftpGet
                0x00024b94                ftpRename
                0x00024fe4                ftpConnect
                0x000257a4                ftpConnectFromName
 .text          0x000257e8     0x1110 ./obj/local/armeabi-v7a/libpc_ardrone.a(ardrone_video_atoms.o)
                0x000257e8                writeAtomToFile
                0x000258d0                insertAtomIntoAtom
                0x000259f4                atomFromData
                0x00025a8c                ardtAtomFromPathAndDroneVersion
                0x00025b84                stscAtomGen
                0x00025c08                sttsAtomWithNumFrames
                0x00025c98                drefAtomGen
                0x00025d10                hdlrAtomForMinf
                0x00025d90                vmhdAtomGen
                0x00025e1c                hdlrAtomForMdia
                0x00025ea0                mdhdAtomFromFpsNumFramesAndDate
                0x00025f64                tkhdAtomWithResolutionNumFramesFpsAndDate
                0x00026094                mvhdAtomFromFpsNumFramesAndDate
                0x000261b8                mdatAtomForFormatWithVideoSize
                0x00026310                ftypAtomForFormatAndCodecWithOffset
                0x00026440                stsdAtomWithResolutionAndCodec
                0x00026594                metadataAtomFromTagAndValue
                0x0002667c                stsdAtomWithResolutionCodecSpsAndPps
 .text          0x000268f8     0x3668 ./obj/local/armeabi-v7a/libpc_ardrone.a(ardrone_video_encapsuler.o)
                0x000268f8                ardrone_video_set_gps_infos
                0x00026928                ardrone_video_error_string
                0x00026a34                generateGpsString
                0x00026b60                ardrone_video_remove_all
                0x00026b8c                ardrone_video_cleanup
                0x00026cb0                ardrone_video_finish
                0x00027b0c                ardrone_video_try_fix
                0x00027f70                ftwCallback
                0x00028044                ardrone_video_addFrame
                0x00028d88                ardrone_video_addSlice
                0x00029b6c                ardrone_video_start
 .text          0x00029f60      0x824 ./obj/local/armeabi-v7a/libpc_ardrone.a(video_stage_encoded_recorder.o)
                0x00029f60                video_stage_encoded_recorder_state
                0x00029f8c                video_stage_encoded_complete_recorder_state
                0x00029fb0                frameIsLastFrame
                0x00029fe4                video_stage_encoded_recorder_close
                0x0002a008                video_stage_encoded_recorder_open
                0x0002a068                video_stage_encoded_recorder_finish
                0x0002a158                video_stage_encoded_recorder_transform
                0x0002a490                video_stage_encoded_recorder_handle
                0x0002a6a8                video_stage_encoded_recorder_force_stop
                0x0002a6e0                video_stage_encoded_recorder_com_timeout
                0x0002a718                video_stage_encoded_recorder_enable
 .text          0x0002a784      0xac0 ./obj/local/armeabi-v7a/libpc_ardrone.a(video_stage_latency_estimation.o)
                0x0002a784                latency_estimation_stage_open
                0x0002a7ac                latency_estimation_stage_close
                0x0002a7c4                latency_estimation_stage_transform
                0x0002b224                latency_estimation_stage_handle_message
 .text          0x0002b244      0x3f8 ./obj/local/armeabi-v7a/libpc_ardrone.a(video_recorder_pipeline.o)
                0x0002b244                video_recorder_get_num_retries
                0x0002b268                video_recorder_suspend_thread
                0x0002b2a4                thread_video_recorder
                0x0002b5c4                video_recorder_resume_thread
                0x0002b608                video_recorder_init
 .text          0x0002b63c      0x6e0 ./obj/local/armeabi-v7a/libpc_ardrone.a(video_stage.o)
                0x0002b63c                video_stage_get_num_retries
                0x0002b660                video_stage_suspend_thread
                0x0002b69c                thread_video_stage
                0x0002bcac                video_stage_resume_thread
                0x0002bcf0                video_stage_init
 .text          0x0002bd1c      0x470 ./obj/local/armeabi-v7a/libpc_ardrone.a(AR_Ftw.o)
                0x0002bd1c                typeFlagGet
                0x0002bd44                AR_Nftw_retValTest
                0x0002bd8c                AR_Nftw_internal
                0x0002bfa8                nftw
                0x0002bfd0                AR_Ftw_internal
                0x0002c174                ftw
 .text          0x0002c18c     0x8e54 ./obj/local/armeabi-v7a/libpc_ardrone.a(ardrone_at_mutex.o)
                0x0002c18c                host_enable
                0x0002c1b8                host_write
                0x0002c214                host_read
                0x0002c240                ardrone_at_send
                0x0002c2f0                ardrone_at_init
                0x0002c350                ardrone_at_init_with_funcs
                0x0002c3b4                ardrone_at_shutdown
                0x0002c3ec                host_shutdown
                0x0002c41c                ardrone_at_set_calibration
                0x0002c47c                ardrone_at_set_autonomous_flight
                0x0002c4dc                ardrone_at_set_pwm
                0x0002c560                ardrone_at_update_control_mode
                0x0002c5c4                ardrone_at_configuration_ack_ctrl_mode
                0x0002c600                ardrone_at_custom_configuration_get_ctrl_mode
                0x0002c63c                ardrone_at_configuration_get_ctrl_mode
                0x0002c678                ardrone_at_reset_com_watchdog
                0x0002c6d0                ardrone_at_set_toy_configuration_ids
                0x0002c77c                ardrone_at_configuration_set_drone_serial
                0x0002c8a8                ardrone_at_set_vicon_data
                0x0002c998                ardrone_at_set_polaris_pos
                0x0002ca24                ardrone_at_set_vision_update_options
                0x0002ca84                ardrone_at_set_led_animation
                0x0002cb04                ardrone_at_set_progress_cmd_with_magneto
                0x0002cc54                ardrone_at_set_progress_cmd
                0x0002cd3c                ardrone_at_cad
                0x0002cda4                ardrone_at_zap
                0x0002ce04                ardrone_at_raw_picture
                0x0002ce64                ardrone_at_raw_capture
                0x0002cec8                ardrone_at_set_vision_track_params
                0x0002cf6c                ardrone_at_set_control_gains
                0x0002d054                ardrone_at_set_manual_trims
                0x0002d0d4                ardrone_at_set_flat_trim
                0x0002d12c                ardrone_at_set_anim
                0x0002d194                ardrone_at_set_ui_misc
                0x0002d218                ardrone_at_set_pmode
                0x0002d278                ardrone_at_set_ui_pad_value
                0x0002d2d8                host_close
                0x0002d314                host_open
                0x0002d4e4                ardrone_at_open
                0x0002d518                host_init
                0x0002d804                ardrone_at_configuration_set_num_version_config
                0x0002d948                ardrone_at_configuration_set_altitude
                0x0002da8c                ardrone_at_configuration_set_longitude
                0x0002dbd0                ardrone_at_configuration_set_latitude
                0x0002dd14                ardrone_at_configuration_set_nb_files
                0x0002de58                ardrone_at_configuration_set_max_size
                0x0002df9c                ardrone_at_configuration_set_output
                0x0002e0e0                ardrone_at_configuration_set_detections_select_v
                0x0002e224                ardrone_at_configuration_set_detections_select_v_hsync
                0x0002e368                ardrone_at_configuration_set_detections_select_h
                0x0002e4ac                ardrone_at_configuration_set_detect_type
                0x0002e5f0                ardrone_at_configuration_set_enemy_without_shell
                0x0002e734                ardrone_at_configuration_set_groundstripe_colors
                0x0002e878                ardrone_at_configuration_set_enemy_colors
                0x0002e9bc                ardrone_at_configuration_set_video_file_index
                0x0002eb00                ardrone_at_configuration_set_video_channel
                0x0002ec44                ardrone_at_configuration_set_bitrate_storage
                0x0002ed88                ardrone_at_configuration_set_bitrate_ctrl_mode
                0x0002eecc                ardrone_at_configuration_set_max_bitrate
                0x0002f010                ardrone_at_configuration_set_bitrate
                0x0002f154                ardrone_at_configuration_set_video_storage_space
                0x0002f298                ardrone_at_configuration_set_video_live_socket
                0x0002f3dc                ardrone_at_configuration_set_video_slices
                0x0002f520                ardrone_at_configuration_set_video_codec
                0x0002f664                ardrone_at_configuration_set_num_trackers
                0x0002f7a8                ardrone_at_configuration_set_camif_buffers
                0x0002f8ec                ardrone_at_configuration_set_codec_fps
                0x0002fa30                ardrone_at_configuration_set_camif_fps
                0x0002fb74                ardrone_at_configuration_set_pic_version
                0x0002fcb8                ardrone_at_configuration_set_ultrasound_watchdog
                0x0002fdfc                ardrone_at_configuration_set_ultrasound_freq
                0x0002ff40                ardrone_at_configuration_set_wifi_rate
                0x00030084                ardrone_at_configuration_set_wifi_mode
                0x000301c8                ardrone_at_configuration_set_hovering_range
                0x0003030c                ardrone_at_configuration_set_flying_mode
                0x00030450                ardrone_at_configuration_set_outdoor_control_yaw
                0x00030598                ardrone_at_configuration_set_outdoor_control_vz_max
                0x000306e0                ardrone_at_configuration_set_outdoor_euler_angle_max
                0x00030828                ardrone_at_configuration_set_indoor_control_yaw
                0x00030970                ardrone_at_configuration_set_indoor_control_vz_max
                0x00030ab8                ardrone_at_configuration_set_indoor_euler_angle_max
                0x00030c00                ardrone_at_configuration_set_control_yaw
                0x00030d48                ardrone_at_configuration_set_control_vz_max
                0x00030e90                ardrone_at_configuration_set_control_iphone_tilt
                0x00030fd8                ardrone_at_configuration_set_altitude_min
                0x0003111c                ardrone_at_configuration_set_altitude_max
                0x00031260                ardrone_at_configuration_set_euler_angle_max
                0x000313a8                ardrone_at_configuration_set_control_level
                0x000314ec                ardrone_at_configuration_set_osctun_value
                0x00031630                ardrone_at_configuration_set_pwm_ref_gyros
                0x00031774                ardrone_at_configuration_set_gyro_offset_thr_z
                0x000318bc                ardrone_at_configuration_set_gyro_offset_thr_y
                0x00031a04                ardrone_at_configuration_set_gyro_offset_thr_x
                0x00031b4c                ardrone_at_configuration_set_vbat_min
                0x00031c90                ardrone_at_configuration_set_com_watchdog
                0x00031dd4                ardrone_at_configuration_set_navdata_options
                0x00031f18                ardrone_at_configuration_set_flying_time
                0x0003205c                ardrone_at_configuration_set_num_version_mb
                0x000321a0                ardrone_at_configuration_set_manual_trim
                0x000322f8                ardrone_at_configuration_set_autonomous_flight
                0x00032450                ardrone_at_configuration_set_flight_without_shell
                0x000325a8                ardrone_at_configuration_set_vision_enable
                0x00032700                ardrone_at_configuration_set_video_enable
                0x00032858                ardrone_at_configuration_set_outdoor
                0x000329b0                ardrone_at_configuration_set_osctun_test
                0x00032b08                ardrone_at_configuration_set_navdata_demo
                0x00032c60                ardrone_at_configuration_set_travelling_enable
                0x00032db8                ardrone_at_configuration_set_video_on_usb
                0x00032f10                ardrone_at_configuration_set_owner_mac
                0x0003303c                ardrone_at_configuration_set_userbox_cmd
                0x00033168                ardrone_at_configuration_set_leds_anim
                0x00033294                ardrone_at_configuration_set_ardrone_name
                0x000333c0                ardrone_at_configuration_set_travelling_mode
                0x000334ec                ardrone_at_configuration_set_ssid_multi_player
                0x00033618                ardrone_at_configuration_set_ssid_single_player
                0x00033744                ardrone_at_configuration_set_application_desc
                0x00033870                ardrone_at_configuration_set_application_id
                0x0003399c                ardrone_at_configuration_set_session_desc
                0x00033ac8                ardrone_at_configuration_set_session_id
                0x00033bf4                ardrone_at_configuration_set_profile_desc
                0x00033d20                ardrone_at_configuration_set_profile_id
                0x00033e4c                ardrone_at_configuration_set_num_version_soft
                0x00033f78                ardrone_at_configuration_set_flight_anim
                0x000340a4                ardrone_at_configuration_set_motor4_supplier
                0x000341d0                ardrone_at_configuration_set_motor4_soft
                0x000342fc                ardrone_at_configuration_set_motor3_supplier
                0x00034428                ardrone_at_configuration_set_motor3_hard
                0x00034554                ardrone_at_configuration_set_motor3_soft
                0x00034680                ardrone_at_configuration_set_motor2_supplier
                0x000347ac                ardrone_at_configuration_set_motor2_hard
                0x000348d8                ardrone_at_configuration_set_motor4_hard
                0x00034a04                ardrone_at_configuration_set_motor1_supplier
                0x00034b30                ardrone_at_configuration_set_motor1_hard
                0x00034c5c                ardrone_at_configuration_set_motor2_soft
                0x00034d88                ardrone_at_configuration_set_motor1_soft
                0x00034eb4                ardrone_at_configuration_set_soft_build_date
 .text          0x00034fe0      0x750 ./obj/local/armeabi-v7a/libpc_ardrone.a(academy.o)
                0x00034fe0                academy_setState
                0x00035000                academy_resetState
                0x00035020                academy_nextState
                0x00035060                academy_stateOK
                0x0003507c                academy_stateERROR
                0x00035098                thread_academy
                0x00035280                academy_get_next_item_with_prefix
                0x000353a4                academy_remove_ftp_directory
                0x00035484                academy_compute_memory_used
                0x0003558c                academy_remove
                0x000355a8                academy_check_memory
                0x000355d8                academy_shutdown
                0x00035628                academy_init
 .text          0x00035730      0xc0c ./obj/local/armeabi-v7a/libpc_ardrone.a(academy_upload.o)
                0x00035730                academy_disconnect
                0x000359a4                academy_upload_shutdown
                0x000359f4                academy_upload_init
                0x00035a64                academy_connect
                0x00035ba0                thread_academy_upload
 .text          0x0003633c      0x46c ./obj/local/armeabi-v7a/libpc_ardrone.a(academy_stage_recorder.o)
                0x0003633c                ardrone_academy_stage_recorder_state
                0x00036368                ardrone_academy_stage_recorder_open
                0x00036438                ardrone_academy_stage_recorder_close
                0x00036458                ardrone_academy_stage_recorder_transform
                0x00036538                ardrone_academy_stage_recorder_handle
                0x0003673c                ardrone_academy_stage_recorder_enable
 .text          0x000367a8     0x1c20 ./obj/local/armeabi-v7a/libpc_ardrone.a(ardrone_navdata_file.o)
                0x000367a8                ardrone_navdata_file_release
                0x000369e8                ardrone_navdata_file_process
                0x00038248                ardrone_navdata_file_init
 .text          0x000383c8      0x984 ./obj/local/armeabi-v7a/libpc_ardrone.a(ardrone_general_navdata.o)
                0x000383c8                configurationCallback
                0x0003846c                navdataCallback
                0x000384a4                ardrone_general_navdata_release
                0x000384bc                ardrone_refresh_user_list
                0x00038504                ardrone_free_user_list
                0x00038544                ardrone_get_user_list
                0x00038674                ardrone_switch_to_user_id
                0x0003872c                ardrone_switch_to_user
                0x0003878c                ardrone_general_navdata_process
                0x00038d00                ardrone_general_navdata_init
 .text          0x00038d4c      0xfdc ./obj/local/armeabi-v7a/libpc_ardrone.a(ardrone_academy_navdata.o)
                0x00038d4c                ardrone_academy_navdata_get_camera_state
                0x00038d84                ardrone_academy_navdata_get_usb_state
                0x00038da8                ardrone_academy_navdata_get_takeoff_state
                0x00038dcc                ardrone_academy_navdata_get_emergency_state
                0x00038df0                ardrone_academy_navdata_get_remaining_usb_time
                0x00038e14                ardrone_academy_navdata_get_flying_state
                0x00038e48                ardrone_academy_navdata_set_wifi_record_codec
                0x00038e6c                ardrone_academy_navdata_userbox_switch
                0x00038f34                ardrone_academy_navdata_init
                0x00038fa4                ardrone_academy_check_take_off_timeout
                0x0003903c                ardrone_academy_navdata_screenshot_cb
                0x00039088                ardrone_academy_navdata_check_takeoff_cancelled
                0x000390c4                ardrone_academy_navdata_check_usb_record_status
                0x00039100                ardrone_academy_navdata_screenshot
                0x00039148                ardrone_academy_navdata_record
                0x00039190                ardrone_academy_navdata_emergency
                0x000391c8                ardrone_academy_navdata_takeoff
                0x00039244                ardrone_academy_navdata_recorder_enable
                0x000392c0                ardrone_academy_navdata_userbox_cb
                0x00039430                ardrone_academy_navdata_get_record_state
                0x000394bc                ardrone_academy_navdata_release
                0x00039504                ardrone_academy_navdata_get_record_ready
                0x00039588                ardrone_academy_navdata_process
 .text          0x00039d28      0x8c4 ./obj/local/armeabi-v7a/libpc_ardrone.a(ardrone_input.o)
                0x00039d28                ardrone_tool_set_ui_pad_ab
                0x00039d7c                ardrone_tool_set_ui_pad_ag
                0x00039dd0                ardrone_tool_set_ui_pad_ad
                0x00039e24                ardrone_tool_set_ui_pad_ah
                0x00039e78                ardrone_tool_set_ui_pad_l1
                0x00039ecc                ardrone_tool_set_ui_pad_r1
                0x00039f20                ardrone_tool_set_ui_pad_l2
                0x00039f74                ardrone_tool_set_ui_pad_r2
                0x00039fc8                ardrone_tool_set_ui_pad_select
                0x0003a01c                ardrone_tool_set_ui_pad_start
                0x0003a070                ardrone_tool_set_ui_pad_xy
                0x0003a0b0                ardrone_tool_set_ui_pad_phi_trim
                0x0003a0e8                ardrone_tool_set_ui_pad_theta_trim
                0x0003a120                ardrone_tool_set_ui_pad_yaw_trim
                0x0003a158                ardrone_tool_set_progressive_cmd
                0x0003a1a4                ardrone_tool_input_start_reset
                0x0003a1bc                ardrone_tool_input_get_state
                0x0003a2bc                ardrone_tool_input_shutdown
                0x0003a2e4                ardrone_tool_input_remove
                0x0003a338                ardrone_tool_input_add
                0x0003a420                ardrone_tool_input_update
                0x0003a548                ardrone_tool_input_reset
                0x0003a5b4                ardrone_tool_input_init
 .text          0x0003a5ec     0x9d5c ./obj/local/armeabi-v7a/libpc_ardrone.a(ardrone_tool_configuration.o)
                0x0003a5ec                ardrone_tool_configuration_init
                0x0003b6f0                ardrone_tool_custom_configuration_get
                0x0003b7bc                ardrone_tool_configuration_get
                0x0003b9e4                ardrone_tool_configuration_addevent_num_version_soft
                0x0003bb40                ardrone_tool_reset_configuration
                0x0003c118                ardrone_tool_configuration_addevent_num_version_config
                0x0003c258                ardrone_tool_configuration_addevent_altitude
                0x0003c398                ardrone_tool_configuration_addevent_num_trackers
                0x0003c4d8                ardrone_tool_configuration_addevent_detect_type
                0x0003c618                ardrone_tool_configuration_addevent_euler_angle_max
                0x0003c758                ardrone_tool_configuration_addevent_latitude
                0x0003c898                ardrone_tool_configuration_addevent_flying_mode
                0x0003c9d8                ardrone_tool_configuration_addevent_bitrate_storage
                0x0003cb18                ardrone_tool_configuration_addevent_num_version_mb
                0x0003cc58                ardrone_tool_configuration_addevent_longitude
                0x0003cd98                ardrone_tool_configuration_addevent_video_file_index
                0x0003ced8                ardrone_tool_configuration_addevent_output
                0x0003d018                ardrone_tool_configuration_addevent_video_storage_space
                0x0003d158                ardrone_tool_configuration_addevent_nb_files
                0x0003d298                ardrone_tool_configuration_addevent_groundstripe_colors
                0x0003d3d8                ardrone_tool_configuration_addevent_wifi_rate
                0x0003d518                ardrone_tool_configuration_addevent_detections_select_v_hsync
                0x0003d658                ardrone_tool_configuration_addevent_vbat_min
                0x0003d798                ardrone_tool_configuration_addevent_max_bitrate
                0x0003d8d8                ardrone_tool_configuration_addevent_autonomous_flight
                0x0003da18                ardrone_tool_configuration_addevent_max_size
                0x0003db58                ardrone_tool_configuration_addevent_pwm_ref_gyros
                0x0003dc98                ardrone_tool_configuration_addevent_video_on_usb
                0x0003ddd8                ardrone_tool_configuration_addevent_pic_version
                0x0003df18                ardrone_tool_configuration_addevent_detections_select_v
                0x0003e058                ardrone_tool_configuration_addevent_navdata_options
                0x0003e198                ardrone_tool_configuration_addevent_video_slices
                0x0003e2d8                ardrone_tool_configuration_addevent_indoor_control_yaw
                0x0003e418                ardrone_tool_configuration_addevent_detections_select_h
                0x0003e558                ardrone_tool_configuration_addevent_osctun_test
                0x0003e698                ardrone_tool_configuration_addevent_enemy_without_shell
                0x0003e7d8                ardrone_tool_configuration_addevent_bitrate_ctrl_mode
                0x0003e918                ardrone_tool_configuration_addevent_travelling_enable
                0x0003ea58                ardrone_tool_configuration_addevent_video_channel
                0x0003eb98                ardrone_tool_configuration_addevent_video_enable
                0x0003ecd8                ardrone_tool_configuration_addevent_video_live_socket
                0x0003ee18                ardrone_tool_configuration_addevent_control_vz_max
                0x0003ef58                ardrone_tool_configuration_addevent_enemy_colors
                0x0003f098                ardrone_tool_configuration_addevent_gyro_offset_thr_y
                0x0003f1d8                ardrone_tool_configuration_addevent_bitrate
                0x0003f318                ardrone_tool_configuration_addevent_codec_fps
                0x0003f458                ardrone_tool_configuration_addevent_video_codec
                0x0003f598                ardrone_tool_configuration_addevent_flying_time
                0x0003f6d8                ardrone_tool_configuration_addevent_outdoor_control_vz_max
                0x0003f818                ardrone_tool_configuration_addevent_control_level
                0x0003f958                ardrone_tool_configuration_addevent_wifi_mode
                0x0003fa98                ardrone_tool_configuration_addevent_vision_enable
                0x0003fbd8                ardrone_tool_configuration_addevent_outdoor
                0x0003fd18                ardrone_tool_configuration_addevent_gyro_offset_thr_z
                0x0003fe58                ardrone_tool_configuration_addevent_ultrasound_freq
                0x0003ff98                ardrone_tool_configuration_addevent_navdata_demo
                0x000400d8                ardrone_tool_configuration_addevent_indoor_euler_angle_max
                0x00040218                ardrone_tool_configuration_addevent_osctun_value
                0x00040358                ardrone_tool_configuration_addevent_hovering_range
                0x00040498                ardrone_tool_configuration_addevent_com_watchdog
                0x000405d8                ardrone_tool_configuration_addevent_altitude_min
                0x00040718                ardrone_tool_configuration_addevent_gyro_offset_thr_x
                0x00040858                ardrone_tool_configuration_addevent_camif_buffers
                0x00040998                ardrone_tool_configuration_addevent_outdoor_control_yaw
                0x00040ad8                ardrone_tool_configuration_addevent_ultrasound_watchdog
                0x00040c18                ardrone_tool_configuration_addevent_flight_without_shell
                0x00040d58                ardrone_tool_configuration_addevent_camif_fps
                0x00040e98                ardrone_tool_configuration_addevent_indoor_control_vz_max
                0x00040fd8                ardrone_tool_configuration_addevent_control_iphone_tilt
                0x00041118                ardrone_tool_configuration_addevent_outdoor_euler_angle_max
                0x00041258                ardrone_tool_configuration_addevent_control_yaw
                0x00041398                ardrone_tool_configuration_addevent_manual_trim
                0x000414d8                ardrone_tool_configuration_addevent_altitude_max
                0x00041618                ardrone_tool_configuration_addevent_session_desc
                0x00041774                ardrone_tool_configuration_addevent_leds_anim
                0x000418d0                ardrone_tool_configuration_addevent_userbox_cmd
                0x00041a2c                ardrone_tool_configuration_addevent_application_desc
                0x00041b88                ardrone_tool_send_application_default
                0x00041c94                ardrone_tool_configuration_addevent_profile_desc
                0x00041df0                ardrone_tool_configuration_addevent_application_id
                0x00041f4c                ardrone_tool_configuration_addevent_session_id
                0x000420a8                ardrone_tool_configuration_addevent_profile_id
                0x00042204                ardrone_tool_send_session_default
                0x00042594                ardrone_tool_configuration_addevent_motor4_supplier
                0x000426f0                ardrone_tool_configuration_addevent_ssid_multi_player
                0x0004284c                ardrone_tool_configuration_addevent_ardrone_name
                0x000429a8                ardrone_tool_configuration_addevent_owner_mac
                0x00042b04                ardrone_tool_configuration_addevent_motor2_soft
                0x00042c60                ardrone_tool_configuration_addevent_travelling_mode
                0x00042dbc                ardrone_tool_send_user_default
                0x00043040                ardrone_tool_configuration_addevent_motor3_hard
                0x0004319c                ardrone_tool_configuration_addevent_ssid_single_player
                0x000432f8                ardrone_tool_configuration_addevent_soft_build_date
                0x00043454                ardrone_tool_configuration_addevent_flight_anim
                0x000435b0                ardrone_tool_configuration_addevent_motor4_soft
                0x0004370c                ardrone_tool_configuration_addevent_motor4_hard
                0x00043868                ardrone_tool_configuration_addevent_motor2_supplier
                0x000439c4                ardrone_tool_configuration_addevent_motor1_hard
                0x00043b20                ardrone_tool_configuration_addevent_motor2_hard
                0x00043c7c                ardrone_tool_configuration_addevent_motor3_supplier
                0x00043dd8                ardrone_tool_configuration_addevent_motor3_soft
                0x00043f34                ardrone_tool_configuration_addevent_motor1_supplier
                0x00044090                ardrone_tool_configuration_addevent_drone_serial
                0x000441ec                ardrone_tool_configuration_addevent_motor1_soft
 .text          0x00044348      0xbd8 ./obj/local/armeabi-v7a/libpc_ardrone.a(ardrone_tool.o)
                0x00044348                ardrone_tool_send_com_watchdog
                0x00044370                ardrone_tool_set_refresh_time
                0x000443a0                ardrone_tool_init_custom
                0x000443b8                ardrone_tool_update_custom
                0x000443e8                ardrone_tool_shutdown_custom
                0x00044418                ardrone_tool_check_argc_custom
                0x00044430                ardrone_tool_display_cmd_line_custom
                0x00044444                ardrone_tool_parse_cmd_line_custom
                0x000444bc                ardrone_tool_shutdown
                0x00044574                ardrone_tool_update
                0x00044628                ardrone_tool_resume
                0x00044664                ardrone_tool_suspend
                0x000446a0                ardrone_tool_init_timers_and_mutex
                0x000446dc                ardrone_tool_init
                0x0004491c                ardrone_tool_setup_com
                0x000449b4                ardrone_tool_main
 .text          0x00044f20      0x720 ./obj/local/armeabi-v7a/libpc_ardrone.a(config_wifi.o)
                0x00044f20                wifi_com
                0x00044f40                wifi_connection
                0x00044f64                wifi_config_socket
                0x00044fc0                wifi_config
                0x00045308                wifi_server_auth
 .text          0x00045640     0x1040 ./obj/local/armeabi-v7a/libpc_ardrone.a(video_com_stage.o)
                0x00045640                video_com_multisocket_stage_close
                0x0004568c                video_com_stage_close
                0x000456a8                video_com_stage_notify_timeout
                0x0004570c                video_com_stage_connect
                0x00045a28                video_com_multisocket_stage_transform
                0x00046140                video_com_stage_transform
                0x00046430                video_com_stage_register
                0x000464d0                video_com_multisocket_stage_open
                0x00046658                video_com_stage_open
 .text          0x00046680      0x328 ./obj/local/armeabi-v7a/libpc_ardrone.a(video_navdata_handler.o)
                0x00046680                video_navdata_handler_init
                0x00046710                video_navdata_handler_release
                0x00046728                startRetreiving
                0x0004675c                endRetreiving
                0x00046784                video_navdata_handler_process
 .text          0x000469a8      0x514 ./obj/local/armeabi-v7a/libpc_ardrone.a(ardrone_control.o)
                0x000469a8                ardrone_control_read
                0x000469f4                ardrone_control_write
                0x00046a30                ardrone_control_send_event
                0x00046a94                ardrone_control_resume_on_navdata_received
                0x00046ae8                ardrone_control_shutdown
                0x00046b10                ardrone_control_connect_to_drone
                0x00046b98                thread_ardrone_control
                0x00046e48                ardrone_control_init
 .text          0x00046ebc       0x48 ./obj/local/armeabi-v7a/libpc_ardrone.a(ardrone_navdata_control.o)
                0x00046ebc                ardrone_navdata_control_init
                0x00046ed4                ardrone_navdata_control_release
                0x00046eec                ardrone_navdata_control_process
 .text          0x00046f04      0x5fc ./obj/local/armeabi-v7a/libpc_ardrone.a(ardrone_navdata_client.o)
                0x00046f04                ardrone_navdata_open_server
                0x00046f70                ardrone_navdata_client_get_num_retries
                0x00046f94                ardrone_navdata_client_shutdown
                0x00046fe0                ardrone_navdata_client_resume
                0x0004702c                ardrone_navdata_client_suspend
                0x00047070                thread_navdata_update
                0x00047490                ardrone_navdata_client_init
 .text          0x00047500     0x1d94 ./obj/local/armeabi-v7a/libpc_ardrone.a(iniparser.o)
                0x00047500                iniparser_getnsec
                0x0004756c                iniparser_getsecname
                0x000475fc                iniparser_freedict
                0x00047610                strlwc
                0x000477bc                iniparser_unset
                0x00047818                iniparser_getboolean
                0x000478a4                iniparser_getstring
                0x000478c4                iniparser_find_entry
                0x000478e0                iniparser_getdouble
                0x00047970                iniparser_getint
                0x000479b0                iniparser_val2ptr
                0x00047b7c                iniparser_setstring_a4
                0x00047bf8                iniparser_setstring
                0x00047c10                iniparser_load
                0x00048254                iniparser_vals2ptrs
                0x0004831c                iniparser_dump
                0x000486ac                iniparser_ptr2val
                0x00048994                iniparser_alias_ex
                0x00048b4c                iniparser_alias
                0x00048b7c                iniparser_dump_ini_a4
                0x00049198                iniparser_dump_ini_a3
                0x000491b0                iniparser_dump_ini
                0x000491cc                iniparser_ptrs2vals
 .text          0x00049294      0x6b4 ./obj/local/armeabi-v7a/libpc_ardrone.a(dictionary.o)
                0x00049294                dictionary_dump
                0x00049358                dictionary_del
                0x00049420                dictionary_hash
                0x00049470                dictionary_unset
                0x00049560                dictionary_get
                0x00049620                dictionary_set
                0x000498a8                dictionary_new
 .text          0x00049948      0x79c ./obj/local/armeabi-v7a/libpc_ardrone.a(navdata.o)
                0x00049948                ardrone_navdata_compute_cks
                0x00049988                ardrone_navdata_search_option
                0x000499b8                ardrone_navdata_unpack_all
 .text          0x0004a0e4       0x88 ./obj/local/armeabi-v7a/libpc_ardrone.a(config_keys.o)
                0x0004a0e4                configuration_check_config_id_char
                0x0004a120                configuration_check_config_id
 .text          0x0004a16c      0x248 ./obj/local/armeabi-v7a/libpc_ardrone.a(ardrone_time.o)
                0x0004a16c                ardrone_timer_elapsed_ms
                0x0004a1c0                ardrone_timer_elapsed_us
                0x0004a204                ardrone_timer_update
                0x0004a284                ardrone_timer_delta_us
                0x0004a300                ardrone_timer_delta_ms
                0x0004a37c                ardrone_timer_reset
 .text          0x0004a3b4       0xdc ./obj/local/armeabi-v7a/libpc_ardrone.a(ardrone_date.o)
                0x0004a3b4                ardrone_date2time
                0x0004a414                ardrone_time2date
 .text          0x0004a490      0x1bc ./obj/local/armeabi-v7a/libpc_ardrone.a(ardrone_gen_ids.o)
                0x0004a490                ardrone_gen_sessionid
                0x0004a524                ardrone_gen_usrid
                0x0004a584                ardrone_gen_appid
 .text          0x0004a64c      0x830 ./obj/local/armeabi-v7a/libpc_ardrone.a(video_stage_tcp.o)
                0x0004a64c                video_stage_tcp_close
                0x0004a678                video_stage_tcp_dumpPave
                0x0004a84c                video_stage_tcp_open
                0x0004a8f4                video_stage_tcp_transform
 .text          0x0004ae7c      0x6d0 ./obj/local/armeabi-v7a/libpc_ardrone.a(video_stage_merge_slices.o)
                0x0004ae7c                video_stage_merge_slices_handle
                0x0004ae94                video_stage_merge_slices_close
                0x0004aef8                video_stage_merge_slices_reset
                0x0004af58                video_stage_merge_slices_transform
                0x0004b4d4                video_stage_merge_slices_open
 .text          0x0004b54c      0x7d0 ./obj/local/armeabi-v7a/libpc_ardrone.a(video_stage_decoder.o)
                0x0004b54c                checkNeonSupport
                0x0004b5fc                mp4h264_close
                0x0004b658                mp4h264_transform
                0x0004b6c4                mp4h264_open
                0x0004b720                video_stage_decoder_close
                0x0004b784                video_stage_decoder_open
                0x0004b974                video_stage_decoder_transform
 .text          0x0004bd1c      0xd70 ./obj/local/armeabi-v7a/libpc_ardrone.a(academy_download.o)
                0x0004bd1c                academy_download_resume
                0x0004bd54                academy_download_pause
                0x0004bde4                thread_academy_download
                0x0004c9f8                academy_download_shutdown
                0x0004ca30                academy_download_init
 .text          0x0004ca8c      0x790 ./obj/local/armeabi-v7a/libpc_ardrone.a(ardrone_control_configuration.o)
                0x0004ca8c                ardrone_control_reset_custom_configurations_list
                0x0004cacc                ardrone_control_read_custom_configurations_list
                0x0004ce50                ardrone_control_configuration_run
 .text          0x0004d21c       0x74 ./obj/local/armeabi-v7a/libpc_ardrone.a(ardrone_control_ack.o)
                0x0004d21c                ardrone_control_ack_run
 .text          0x0004d290      0x124 ./obj/local/armeabi-v7a/libpc_ardrone.a(ardrone_crc_32.o)
                0x0004d290                ardrone_make_crc_table
                0x0004d310                ardrone_update_crc
                0x0004d394                ardrone_crc_32
 .text          0x0004d3b4      0x2b8 ./obj/local/armeabi-v7a/libpc_ardrone.a(video_encapsulation.o)
                0x0004d3b4                init_parrot_video_encapsulation_header
                0x0004d3f4                pave_is_same_frame
                0x0004d484                dumpPave
 .text          0x0004d66c      0x87c ./obj/local/armeabi-v7a/libpc_ardrone.a(video_stage_ffmpeg_decoder.o)
                0x0004d66c                empty_av_log_callback
                0x0004d680                ffmpeg_stage_decoding_close
                0x0004d74c                ffmpeg_stage_decoding_transform
                0x0004dc50                ffmpeg_stage_decoding_open
 .text          0x0004dee8      0xcdc ./obj/local/armeabi-v7a/libpc_ardrone.a(video_stage_ittiam_decoder.o)
                0x0004dee8                ittiam_stage_decoding_open
                0x0004df00                ittiam_stage_decoding_close
                0x0004e02c                ITTIAM_dumpPave
                0x0004e1bc                ittiam_stage_decoding_transform
 .text          0x0004ebc4      0x34c ./obj/local/armeabi-v7a/libvlib.a(vlib_stage_decode.o)
                0x0004ebc4                vlib_stage_decoding_close
                0x0004ec0c                vlib_stage_decoding_transform
                0x0004ee9c                vlib_stage_decoding_open
 .text          0x0004ef10      0x5c0 ./obj/local/armeabi-v7a/libvlib.a(video_codec.o)
                0x0004ef10                video_encode_picture
                0x0004f320                video_codec_type_select
                0x0004f3a4                video_decode_blockline
                0x0004f3f4                video_decode_picture
                0x0004f4a0                video_codec_open
                0x0004f4b8                video_codec_close
 .text          0x0004f4d0      0x2d8 ./obj/local/armeabi-v7a/libvlib.a(video_controller.o)
                0x0004f4d0                video_controller_update
                0x0004f51c                video_controller_set_mode
                0x0004f538                video_controller_set_bitrate
                0x0004f554                video_controller_set_target_size
                0x0004f570                video_controller_set_picture_type
                0x0004f58c                video_controller_set_motion_estimation
                0x0004f5a8                video_controller_set_format
                0x0004f758                video_controller_cleanup
 .text          0x0004f7a8      0x2e0 ./obj/local/armeabi-v7a/libvlib.a(video_packetizer.o)
                0x0004f7a8                video_cache_stream
                0x0004f7c0                video_write_data
                0x0004f864                video_stuff8
                0x0004f898                video_read_data
                0x0004f940                video_peek_data
                0x0004f9bc                video_align8
                0x0004fa00                video_packetizer_close
                0x0004fa40                video_packetizer_init
 .text          0x0004fa88      0x460 ./obj/local/armeabi-v7a/libvlib.a(video_quantizer.o)
                0x0004fa88                video_quantizer_init
                0x0004fae0                video_quantizer_update
                0x0004fb38                do_quantize_intra_mb
                0x0004fbe4                do_quantize_inter_mb
                0x0004fc60                video_quantize
                0x0004fd74                do_unquantize
                0x0004fdc4                video_unquantize
 .text          0x0004fee8      0x7d4 ./obj/local/armeabi-v7a/libvlib.a(p263_codec.o)
                0x0004fee8                p263_encode_blockline
                0x0004ff00                p263_update
                0x0004ff18                p263_cache
                0x00050120                p263_packet
                0x0005021c                p263_decode_blockline
                0x00050534                p263_codec_free
                0x0005054c                p263_codec_alloc
 .text          0x000506bc        0x0 ./obj/local/armeabi-v7a/libvlib.a(p263_huffman.o)
 .text          0x000506bc      0x3a0 ./obj/local/armeabi-v7a/libvlib.a(p263_mb_layer.o)
                0x00050864                p263_read_mb_layer
 .text          0x00050a5c       0x88 ./obj/local/armeabi-v7a/libvlib.a(p263_gob_layer.o)
                0x00050a5c                p263_read_gob_layer
 .text          0x00050ae4      0x41c ./obj/local/armeabi-v7a/libvlib.a(p263_picture_layer.o)
                0x00050ae4                p263_read_picture_layer
 .text          0x00050f00      0xef0 ./obj/local/armeabi-v7a/libvlib.a(p264_codec.o)
                0x00050f00                p264_update
                0x00050f18                p264_cache
                0x00051100                p264_pack_controller
                0x00051178                p264_encode_blockline
                0x00051488                p264_codec_free
                0x000514d4                p264_realloc_ref
                0x00051638                p264_unpack_controller
                0x00051750                p264_decode_blockline
                0x00051d80                p264_codec_alloc
 .text          0x00051df0       0x3c ./obj/local/armeabi-v7a/libvlib.a(p264_gob_layer.o)
                0x00051df0                p264_read_gob_layer
                0x00051e10                p264_write_gob_layer
 .text          0x00051e2c     0x1208 ./obj/local/armeabi-v7a/libvlib.a(p264_mb_layer.o)
                0x00051e2c                make_boundary_pred
                0x00051e70                p264_read_intra_4x4
                0x00052660                p264_write_intra_4x4
                0x000526a4                p264_read_block
                0x0005274c                p264_write_block
                0x000527f0                p264_write_mb_layer